Введите размер массива=a[0] = a[1] = a[2] = a[3] = a[4] = a[5] = a[6] = Получившаяся последовательность: -11 -9 -8 -5 0 1 4 
