Введите размер массива=a[0] = a[1] = a[2] = Получившаяся последовательность: 1 2 3
