Введите размер массива=a[0] = a[1] = a[2] = a[3] = Получившаяся последовательность: 0 2 5 9
